JSON_F52E2B61-18A1-11d1-B105-00805F49916B
----------------------------------------------------------------------------------------------------------------------------------------------------------------------------------------------------------------------------------------------------------------
[{"_id":1,"LookupCategoryId":1,"Value":"Other","Icon":"report_problem","IsActive":true,"CreatedBy":1,"DateCreated":"2021-04-08T15:35:19"},{"_id":2,"LookupCategoryId":2,"Value":"Absa Bank Ltd","Image":"\/assets\/img\/banks\/icon\/absa-bank.png","Icon":"repo
ted","Image":"\/assets\/img\/banks\/icon\/habib-bank.png","Icon":"report_problem","IsActive":true,"CreatedBy":1,"DateCreated":"2021-04-08T15:35:19"},{"_id":12,"LookupCategoryId":2,"Value":"HBZ Bank Limited","Image":"\/assets\/img\/banks\/icon\/hbz-bank.png
21-04-08T15:35:19"},{"_id":21,"LookupCategoryId":2,"Value":"Standard Chartered Bank Ltd","Image":"\/assets\/img\/banks\/icon\/standard-chartered-bank.png","Icon":"report_problem","IsActive":true,"CreatedBy":1,"DateCreated":"2021-04-08T15:35:19"},{"_id":22,
DateCreated":"2021-04-08T15:35:19"},{"_id":34,"LookupCategoryId":4,"Value":"Legal","Icon":"report_problem","IsActive":true,"CreatedBy":1,"DateCreated":"2021-04-08T15:35:19"},{"_id":35,"LookupCategoryId":4,"Value":"Management","Icon":"report_problem","IsAct
-04-08T15:35:19"},{"_id":48,"LookupCategoryId":5,"Value":"Part-Time","Icon":"report_problem","IsActive":true,"CreatedBy":1,"DateCreated":"2021-04-08T15:35:19"},{"_id":49,"LookupCategoryId":5,"Value":"Permanent","Icon":"report_problem","IsActive":true,"Crea
e":"Accountants","Icon":"report_problem","IsActive":true,"CreatedBy":1,"DateCreated":"2021-04-08T15:35:19"},{"_id":63,"LookupCategoryId":8,"Value":"Advertising\/Public Relations","Icon":"report_problem","IsActive":true,"CreatedBy":1,"DateCreated":"2021-04-
lem","IsActive":true,"CreatedBy":1,"DateCreated":"2021-04-08T15:35:19"},{"_id":76,"LookupCategoryId":8,"Value":"Auto Dealers, Japanese","Icon":"report_problem","IsActive":true,"CreatedBy":1,"DateCreated":"2021-04-08T15:35:19"},{"_id":77,"LookupCategoryId":
By":1,"DateCreated":"2021-04-08T15:35:19"},{"_id":89,"LookupCategoryId":8,"Value":"Building Trade Unions","Icon":"report_problem","IsActive":true,"CreatedBy":1,"DateCreated":"2021-04-08T15:35:19"},{"_id":90,"LookupCategoryId":8,"Value":"Business Associatio
rue,"CreatedBy":1,"DateCreated":"2021-04-08T15:35:19"},{"_id":102,"LookupCategoryId":8,"Value":"Chiropractors","Icon":"report_problem","IsActive":true,"CreatedBy":1,"DateCreated":"2021-04-08T15:35:19"},{"_id":103,"LookupCategoryId":8,"Value":"Civil Servant
e,"CreatedBy":1,"DateCreated":"2021-04-08T15:35:19"},{"_id":115,"LookupCategoryId":8,"Value":"Construction Unions","Icon":"report_problem","IsActive":true,"CreatedBy":1,"DateCreated":"2021-04-08T15:35:19"},{"_id":116,"LookupCategoryId":8,"Value":"Credit Un
04-08T15:35:19"},{"_id":128,"LookupCategoryId":8,"Value":"Dentists","Icon":"report_problem","IsActive":true,"CreatedBy":1,"DateCreated":"2021-04-08T15:35:19"},{"_id":129,"LookupCategoryId":8,"Value":"Doctors & Other Health Professionals","Icon":"report_pro
"LookupCategoryId":8,"Value":"Finance, Insurance & Real Estate","Icon":"report_problem","IsActive":true,"CreatedBy":1,"DateCreated":"2021-04-08T15:35:19"},{"_id":142,"LookupCategoryId":8,"Value":"Food & Beverage","Icon":"report_problem","IsActive":true,"Cr
:154,"LookupCategoryId":8,"Value":"Garbage Collection\/Waste Management","Icon":"report_problem","IsActive":true,"CreatedBy":1,"DateCreated":"2021-04-08T15:35:19"},{"_id":155,"LookupCategoryId":8,"Value":"Gas & Oil","Icon":"report_problem","IsActive":true,
"Icon":"report_problem","IsActive":true,"CreatedBy":1,"DateCreated":"2021-04-08T15:35:19"},{"_id":168,"LookupCategoryId":8,"Value":"Hotels, Motels & Tourism","Icon":"report_problem","IsActive":true,"CreatedBy":1,"DateCreated":"2021-04-08T15:35:19"},{"_id":
"},{"_id":181,"LookupCategoryId":8,"Value":"Liberal\/Democratic","Icon":"report_problem","IsActive":true,"CreatedBy":1,"DateCreated":"2021-04-08T15:35:19"},{"_id":182,"LookupCategoryId":8,"Value":"Liquor, Wine & Beer","Icon":"report_problem","IsActive":tru
IsActive":true,"CreatedBy":1,"DateCreated":"2021-04-08T15:35:19"},{"_id":195,"LookupCategoryId":8,"Value":"Misc Manufacturing & Distributing","Icon":"report_problem","IsActive":true,"CreatedBy":1,"DateCreated":"2021-04-08T15:35:19"},{"_id":196,"LookupCateg
ry Supplements","Icon":"report_problem","IsActive":true,"CreatedBy":1,"DateCreated":"2021-04-08T15:35:19"},{"_id":208,"LookupCategoryId":8,"Value":"Oil & Gas","Icon":"report_problem","IsActive":true,"CreatedBy":1,"DateCreated":"2021-04-08T15:35:19"},{"_id"
Related Equipment & Services","Icon":"report_problem","IsActive":true,"CreatedBy":1,"DateCreated":"2021-04-08T15:35:19"},{"_id":221,"LookupCategoryId":8,"Value":"Progressive\/Democratic","Icon":"report_problem","IsActive":true,"CreatedBy":1,"DateCreated":"
didate Committees","Icon":"report_problem","IsActive":true,"CreatedBy":1,"DateCreated":"2021-04-08T15:35:19"},{"_id":234,"LookupCategoryId":8,"Value":"Republican Leadership PACs","Icon":"report_problem","IsActive":true,"CreatedBy":1,"DateCreated":"2021-04-
rt_problem","IsActive":true,"CreatedBy":1,"DateCreated":"2021-04-08T15:35:19"},{"_id":247,"LookupCategoryId":8,"Value":"Stock Brokers\/Investment Industry","Icon":"report_problem","IsActive":true,"CreatedBy":1,"DateCreated":"2021-04-08T15:35:19"},{"_id":24
tive":true,"CreatedBy":1,"DateCreated":"2021-04-08T15:35:19"},{"_id":260,"LookupCategoryId":8,"Value":"Trucking","Icon":"report_problem","IsActive":true,"CreatedBy":1,"DateCreated":"2021-04-08T15:35:19"},{"_id":261,"LookupCategoryId":8,"Value":"TV \/ Movie
d":273,"LookupCategoryId":8,"Value":"Venture Capital","Icon":"report_problem","IsActive":true,"CreatedBy":1,"DateCreated":"2021-04-08T15:35:19"},{"_id":274,"LookupCategoryId":8,"Value":"Waste Management","Icon":"report_problem","IsActive":true,"CreatedBy":
19"},{"_id":287,"LookupCategoryId":9,"Value":"Team Lead","Icon":"report_problem","IsActive":true,"CreatedBy":1,"DateCreated":"2021-04-08T15:35:19"},{"_id":288,"LookupCategoryId":9,"Value":"Technical Lead","Icon":"report_problem","IsActive":true,"CreatedBy"
id":301,"LookupCategoryId":11,"Value":"IsiNdebele","Icon":"report_problem","IsActive":true,"CreatedBy":1,"DateCreated":"2021-04-08T15:35:19"},{"_id":302,"LookupCategoryId":11,"Value":"IsiSwati","Icon":"report_problem","IsActive":true,"CreatedBy":1,"DateCre
d":12,"Value":"Mpumalanga","Icon":"report_problem","IsActive":true,"CreatedBy":1,"DateCreated":"2021-04-08T15:35:19"},{"_id":316,"LookupCategoryId":12,"Value":"North West","Icon":"report_problem","IsActive":true,"CreatedBy":1,"DateCreated":"2021-04-08T15:3
"Icon":"report_problem","IsActive":true,"CreatedBy":1,"DateCreated":"2021-04-08T15:35:19"},{"_id":330,"LookupCategoryId":13,"Value":"Chief","Icon":"report_problem","IsActive":true,"CreatedBy":1,"DateCreated":"2021-04-08T15:35:19"},{"_id":331,"LookupCategor
By":1,"DateCreated":"2021-04-08T15:35:19"},{"_id":344,"LookupCategoryId":13,"Value":"Dr & Mrs","Icon":"report_problem","IsActive":true,"CreatedBy":1,"DateCreated":"2021-04-08T15:35:19"},{"_id":345,"LookupCategoryId":13,"Value":"Drs","Icon":"report_problem"
ategoryId":13,"Value":"Justice","Icon":"report_problem","IsActive":true,"CreatedBy":1,"DateCreated":"2021-04-08T15:35:19"},{"_id":359,"LookupCategoryId":13,"Value":"Lady","Icon":"report_problem","IsActive":true,"CreatedBy":1,"DateCreated":"2021-04-08T15:35
ve":true,"CreatedBy":1,"DateCreated":"2021-04-08T15:35:19"},{"_id":373,"LookupCategoryId":13,"Value":"Marquis","Icon":"report_problem","IsActive":true,"CreatedBy":1,"DateCreated":"2021-04-08T15:35:19"},{"_id":374,"LookupCategoryId":13,"Value":"Minister","I
7,"LookupCategoryId":13,"Value":"Prof & Dr","Icon":"report_problem","IsActive":true,"CreatedBy":1,"DateCreated":"2021-04-08T15:35:19"},{"_id":388,"LookupCategoryId":13,"Value":"Prof & Mrs","Icon":"report_problem","IsActive":true,"CreatedBy":1,"DateCreated"
t","Icon":"report_problem","IsActive":true,"CreatedBy":1,"DateCreated":"2021-04-08T15:35:19"},{"_id":402,"LookupCategoryId":13,"Value":"Sheriff","Icon":"report_problem","IsActive":true,"CreatedBy":1,"DateCreated":"2021-04-08T15:35:19"},{"_id":403,"LookupCa
":"report_problem","IsActive":true,"CreatedBy":1,"DateCreated":"2021-04-08T15:35:19"},{"_id":416,"LookupCategoryId":13,"Value":"The Rt Hon Dr","Icon":"report_problem","IsActive":true,"CreatedBy":1,"DateCreated":"2021-04-08T15:35:19"},{"_id":417,"LookupCate
eport_problem","IsActive":true,"CreatedBy":1,"DateCreated":"2021-04-08T15:35:19"},{"_id":430,"LookupCategoryId":14,"Value":"Re-Started","Icon":"report_problem","IsActive":true,"CreatedBy":1,"DateCreated":"2021-04-08T15:35:19"},{"_id":431,"LookupCategoryId"
reatedBy":1,"DateCreated":"2021-04-08T15:35:19"},{"_id":444,"LookupCategoryId":15,"Value":"Login","Icon":"report_problem","IsActive":true,"CreatedBy":1,"DateCreated":"2021-04-08T15:35:19"},{"_id":445,"LookupCategoryId":15,"Value":"Logout","Icon":"report_pr

(450 rows affected)

